[www.rammaheshwari.com/index.html]
[www.rammaheshwari.com/favicon.ico]
[backblue.gif]
[fade.gif]
[index.html]
[i.ibb.co/C8Wnkrt/pretty-snap-2022-3-29-16-11.png]
[d33wubrfki0l68.cloudfront.net/css/134159683fc0e467a64ae99e3aa3783a3daaf7e2/css/style.css]
[d33wubrfki0l68.cloudfront.net/32c48e23e828c42a99a37db81e2a91d7c8eed4de/d134a/assets/png/ram-maheshwari.png]
[d33wubrfki0l68.cloudfront.net/5b377ce34a47fc89fc8d33869f2342518a604589/71ecb/assets/jpeg/yubter.jpg]
[www.rammaheshwari.com/project-1.html]
[d33wubrfki0l68.cloudfront.net/9199afe42f789dbddb324ed3edd326e080e693c1/28f54/assets/jpeg/wilsonport.jpg]
[www.rammaheshwari.com/project-2.html]
[d33wubrfki0l68.cloudfront.net/61fc288f39a306e3130c72643480ce015dec48ae/e3272/assets/jpeg/boreal-coffee-clone.jpg]
[www.rammaheshwari.com/project-3.html]
[d33wubrfki0l68.cloudfront.net/74f6186aaa2b6d5f6ea6da1013abfeb672f5c807/aee81/assets/jpeg/crown-template.jpg]
[www.rammaheshwari.com/project-4.html]
[d33wubrfki0l68.cloudfront.net/7f29579dde49e02480372aa49f7189c5536b0118/34b92/assets/png/linkedin-ico.png]
[d33wubrfki0l68.cloudfront.net/5557d5a11584d7201a38ee1a95200f57a4cc0f88/15085/assets/png/github-ico.png]
[d33wubrfki0l68.cloudfront.net/ef67339f7016cb09ba66366c1dc9145ac69f2a21/feca1/assets/png/twitter-ico.png]
[d33wubrfki0l68.cloudfront.net/c7b1e51b8c75a239d68af3d42866666580f390ec/dcc7c/assets/png/blog-ico.png]
[d33wubrfki0l68.cloudfront.net/493f1aa6da674c05bc606ba5b9e8092b881e8626/67c76/assets/png/yt-ico.png]
[d33wubrfki0l68.cloudfront.net/js/96f5c0d4b9bdbf07570efd8e94cb7db7a5191a01/index.js]
[www.rammaheshwari.com/index.html]
[d33wubrfki0l68.cloudfront.net/css/134159683fc0e467a64ae99e3aa3783a3daaf7e2/css/style.css]
[www.rammaheshwari.com/project-1.html]
[www.rammaheshwari.com/project-2.html]
[www.rammaheshwari.com/project-3.html]
[www.rammaheshwari.com/project-4.html]
[code.tidio.co_443/hkirvl5pqs5cjjawh11xutnzjgtg9tfi.js]
